// Jest Snapshot v1, https://goo.gl/fbAQLP

exports[`SaveButton should render correctly 1`] = `
<View>
  <View
    accessible={true}
    isTVSelectable={true}
    onResponderGrant={[Function]}
    onResponderMove={[Function]}
    onResponderRelease={[Function]}
    onResponderTerminate={[Function]}
    onResponderTerminationRequest={[Function]}
    onStartShouldSetResponder={[Function]}
    style={
      Object {
        "backgroundColor": "#3700B3",
        "bottom": 0,
        "height": 50,
        "opacity": 1,
        "position": "absolute",
        "width": "100%",
      }
    }
  >
    <Text
      style={
        Object {
          "color": "white",
          "fontSize": 22,
          "marginTop": 10,
          "textAlign": "center",
        }
      }
    >
      SAVE
    </Text>
  </View>
</View>
`;
